// Jest Snapshot v1, https://goo.gl/fbAQLP

exports[`Test in <GifApp/> Should match the snapshot 1`] = `
<div>
  <h1>
    Gif App
  </h1>
  <form
    aria-label="form"
  >
              
    <input
      placeholder="Buscar Gifs"
      type="text"
      value=""
    />
  </form>
                
  <h3>
     
    Ferrari
     
  </h3>
  <h2>
     Loading... 
  </h2>
  <div
    class="card-grid"
  />
</div>
`;
